C:\Users\aditya.chauhan2\OneDrive - InterGlobe Aviation Limited\Desktop\IBC-365 FE\IBC-365-FE>git status
On branch dev
Your branch is ahead of 'origin/dev' by 2 commits.
  (use "git push" to publish your local commits)

Changes not staged for commit:
  (use "git add <file>..." to update what will be committed)
  (use "git restore <file>..." to discard changes in working directory)       
        modified:   src/App.tsx
        modified:   src/components/CampaignForm.tsx
        modified:   src/components/Tabs.tsx

Untracked files:
  (use "git add <file>..." to include in what will be committed)
        src/components/AvatarForm.tsx
        src/components/AvatarOutput.tsx
        src/features/AvatarGenerator.tsx

no changes added to commit (use "git add" and/or "git commit -a")

C:\Users\aditya.chauhan2\OneDrive - InterGlobe Aviation Limited\Desktop\IBC-365 FE\IBC-365-FE>git checkout Aditya_FE
M       src/App.tsx
M       src/components/CampaignForm.tsx
M       src/components/Tabs.tsx
Switched to branch 'Aditya_FE'

C:\Users\aditya.chauhan2\OneDrive - InterGlobe Aviation Limited\Desktop\IBC-365 FE\IBC-365-FE>git status
On branch Aditya_FE
Changes not staged for commit:
  (use "git add <file>..." to update what will be committed)
  (use "git restore <file>..." to discard changes in working directory)       
        modified:   src/App.tsx
        modified:   src/components/CampaignForm.tsx
        modified:   src/components/Tabs.tsx

Untracked files:
  (use "git add <file>..." to include in what will be committed)
        src/components/AvatarForm.tsx
        src/components/AvatarOutput.tsx
        src/features/AvatarGenerator.tsx

no changes added to commit (use "git add" and/or "git commit -a")

C:\Users\aditya.chauhan2\OneDrive - InterGlobe Aviation Limited\Desktop\IBC-365 FE\IBC-365-FE>git add .

C:\Users\aditya.chauhan2\OneDrive - InterGlobe Aviation Limited\Desktop\IBC-365 FE\IBC-365-FE>git status
On branch Aditya_FE
Changes to be committed:
  (use "git restore --staged <file>..." to unstage)
        modified:   src/App.tsx
        new file:   src/components/AvatarForm.tsx
        new file:   src/components/AvatarOutput.tsx
        modified:   src/components/CampaignForm.tsx
        modified:   src/components/Tabs.tsx
        new file:   src/features/AvatarGenerator.tsx


C:\Users\aditya.chauhan2\OneDrive - InterGlobe Aviation Limited\Desktop\IBC-365 FE\IBC-365-FE>git commit -m "Added avatar page" 
[Aditya_FE 8067386] Added avatar page
 6 files changed, 386 insertions(+), 1 deletion(-)
 create mode 100644 src/components/AvatarForm.tsx
 create mode 100644 src/components/AvatarOutput.tsx
 create mode 100644 src/features/AvatarGenerator.tsx

C:\Users\aditya.chauhan2\OneDrive - InterGlobe Aviation Limited\Desktop\IBC-365 FE\IBC-365-FE>git push
fatal: The current branch Aditya_FE has no upstream branch.
To push the current branch and set the remote as upstream, use

    git push --set-upstream origin Aditya_FE

To have this happen automatically for branches without a tracking
upstream, see 'push.autoSetupRemote' in 'git help config'.


C:\Users\aditya.chauhan2\OneDrive - InterGlobe Aviation Limited\Desktop\IBC-365 FE\IBC-365-FE> git push --set-upstream origin Aditya_FE
To https://github.com/6E-Lab37/IBC-365-FE.git
 ! [rejected]        Aditya_FE -> Aditya_FE (fetch first)
error: failed to push some refs to 'https://github.com/6E-Lab37/IBC-365-FE.git'
hint: Updates were rejected because the remote contains work that you do not
hint: have locally. This is usually caused by another repository pushing to
hint: the same ref. If you want to integrate the remote changes, use
hint: 'git pull' before pushing again.
hint: See the 'Note about fast-forwards' in 'git push --help' for details.    

C:\Users\aditya.chauhan2\OneDrive - InterGlobe Aviation Limited\Desktop\IBC-365 FE\IBC-365-FE>git pull
remote: Enumerating objects: 19, done.
remote: Counting objects: 100% (19/19), done.
remote: Compressing objects: 100% (11/11), done.
remote: Total 19 (delta 8), reused 17 (delta 8), pack-reused 0 (from 0)       
Unpacking objects: 100% (19/19), 10.36 KiB | 14.00 KiB/s, done.
From https://github.com/6E-Lab37/IBC-365-FE
 * [new branch]      Aditya_FE  -> origin/Aditya_FE
   bc0d338..a92e4a4  dev        -> origin/dev
There is no tracking information for the current branch.
Please specify which branch you want to merge with.
See git-pull(1) for details.

    git pull <remote> <branch>

If you wish to set tracking information for this branch you can do so with:   

    git branch --set-upstream-to=origin/<branch> Aditya_FE


C:\Users\aditya.chauhan2\OneDrive - InterGlobe Aviation Limited\Desktop\IBC-365 FE\IBC-365-FE>git status
On branch Aditya_FE
nothing to commit, working tree clean

C:\Users\aditya.chauhan2\OneDrive - InterGlobe Aviation Limited\Desktop\IBC-365 FE\IBC-365-FE>git pull  

C:\Users\aditya.chauhan2\OneDrive - InterGlobe Aviation Limited\Desktop\IBC-365 FE\IBC-365-FE>

C:\Users\aditya.chauhan2\OneDrive - InterGlobe Aviation Limited\Desktop\IBC-365 FE\IBC-365-FE>git push
fatal: The current branch Aditya_FE has no upstream branch.
To push the current branch and set the remote as upstream, use

    git push --set-upstream origin Aditya_FE

To have this happen automatically for branches without a tracking
upstream, see 'push.autoSetupRemote' in 'git help config'.


C:\Users\aditya.chauhan2\OneDrive - InterGlobe Aviation Limited\Desktop\IBC-365 FE\IBC-365-FE> git push --set-upstream origin Aditya_FE
To https://github.com/6E-Lab37/IBC-365-FE.git
 ! [rejected]        Aditya_FE -> Aditya_FE (non-fast-forward)
error: failed to push some refs to 'https://github.com/6E-Lab37/IBC-365-FE.git'
hint: Updates were rejected because the tip of your current branch is behind
hint: its remote counterpart. If you want to integrate the remote changes,
hint: use 'git pull' before pushing again.
hint: See the 'Note about fast-forwards' in 'git push --help' for details.    

C:\Users\aditya.chauhan2\OneDrive - InterGlobe Aviation Limited\Desktop\IBC-365 FE\IBC-365-FE>
