C:\Users\aditya.chauhan2\OneDrive - InterGlobe Aviation Limited\Desktop\IBC-365 FE\IBC-365-FE>git fetch origin

C:\Users\aditya.chauhan2\OneDrive - InterGlobe Aviation Limited\Desktop\IBC-365 FE\IBC-365-FE>git branch --set-upstream-to=origin/Aditya_FE Aditya_FE
branch 'Aditya_FE' set up to track 'origin/Aditya_FE'.

C:\Users\aditya.chauhan2\OneDrive - InterGlobe Aviation Limited\Desktop\IBC-365 FE\IBC-365-FE>git pull --rebase origin Aditya_FE
From https://github.com/6E-Lab37/IBC-365-FE
 * branch            Aditya_FE  -> FETCH_HEAD
Auto-merging src/components/CampaignForm.tsx
Auto-merging src/components/CampaignOutput.tsx
CONFLICT (content): Merge conflict in src/components/CampaignOutput.tsx       
error: could not apply c6cad23... Added email service in Market Campaign
hint: Resolve all conflicts manually, mark them as resolved with
hint: "git add/rm <conflicted_files>", then run "git rebase --continue".      
hint: You can instead skip this commit: run "git rebase --skip".
hint: To abort and get back to the state before "git rebase", run "git rebase --abort".
hint: Disable this message with "git config advice.mergeConflict false"       
Could not apply c6cad23... Added email service in Market Campaign

C:\Users\aditya.chauhan2\OneDrive - InterGlobe Aviation Limited\Desktop\IBC-365 FE\IBC-365-FE>git status
interactive rebase in progress; onto 9c23900
Last command done (1 command done):
   pick c6cad23 Added email service in Market Campaign
Next commands to do (2 remaining commands):
   pick b21fd67 email service added
   pick 8067386 Added avatar page
  (use "git rebase --edit-todo" to view and edit)
You are currently rebasing branch 'Aditya_FE' on '9c23900'.
  (all conflicts fixed: run "git rebase --continue")

Changes to be committed:
  (use "git restore --staged <file>..." to unstage)
        modified:   src/components/CampaignForm.tsx
        modified:   src/components/CampaignOutput.tsx

Changes not staged for commit:
  (use "git add <file>..." to update what will be committed)
  (use "git restore <file>..." to discard changes in working directory)       
        modified:   src/components/CampaignOutput.tsx


C:\Users\aditya.chauhan2\OneDrive - InterGlobe Aviation Limited\Desktop\IBC-365 FE\IBC-365-FE>git add .

C:\Users\aditya.chauhan2\OneDrive - InterGlobe Aviation Limited\Desktop\IBC-365 FE\IBC-365-FE>git status
interactive rebase in progress; onto 9c23900
Last command done (1 command done):
   pick c6cad23 Added email service in Market Campaign
Next commands to do (2 remaining commands):
   pick b21fd67 email service added
   pick 8067386 Added avatar page
  (use "git rebase --edit-todo" to view and edit)
You are currently rebasing branch 'Aditya_FE' on '9c23900'.
  (all conflicts fixed: run "git rebase --continue")

Changes to be committed:
  (use "git restore --staged <file>..." to unstage)
        modified:   src/components/CampaignForm.tsx


C:\Users\aditya.chauhan2\OneDrive - InterGlobe Aviation Limited\Desktop\IBC-365 FE\IBC-365-FE>git status
interactive rebase in progress; onto 9c23900
Last command done (1 command done):
   pick c6cad23 Added email service in Market Campaign
Next commands to do (2 remaining commands):
   pick b21fd67 email service added
   pick 8067386 Added avatar page
  (use "git rebase --edit-todo" to view and edit)
You are currently rebasing branch 'Aditya_FE' on '9c23900'.
  (all conflicts fixed: run "git rebase --continue")

Changes to be committed:
  (use "git restore --staged <file>..." to unstage)
        modified:   src/components/CampaignForm.tsx


C:\Users\aditya.chauhan2\OneDrive - InterGlobe Aviation Limited\Desktop\IBC-365 FE\IBC-365-FE>git add .

C:\Users\aditya.chauhan2\OneDrive - InterGlobe Aviation Limited\Desktop\IBC-365 FE\IBC-365-FE>git status
interactive rebase in progress; onto 9c23900
Last command done (1 command done):
   pick c6cad23 Added email service in Market Campaign
Next commands to do (2 remaining commands):
   pick b21fd67 email service added
   pick 8067386 Added avatar page
  (use "git rebase --edit-todo" to view and edit)
You are currently rebasing branch 'Aditya_FE' on '9c23900'.
  (all conflicts fixed: run "git rebase --continue")

Changes to be committed:
  (use "git restore --staged <file>..." to unstage)
        modified:   src/components/CampaignForm.tsx


C:\Users\aditya.chauhan2\OneDrive - InterGlobe Aviation Limited\Desktop\IBC-365 FE\IBC-365-FE>git commit -m "conflict resolve" 
[detached HEAD fd6c0e8] conflict resolve
 1 file changed, 1 insertion(+), 1 deletion(-)

C:\Users\aditya.chauhan2\OneDrive - InterGlobe Aviation Limited\Desktop\IBC-365 FE\IBC-365-FE>git push
fatal: You are not currently on a branch.
To push the history leading to the current (detached HEAD)
state now, use

    git push origin HEAD:<name-of-remote-branch>


C:\Users\aditya.chauhan2\OneDrive - InterGlobe Aviation Limited\Desktop\IBC-365 FE\IBC-365-FE>
